SQL> --현재 유저가 보유한 테이블을 보고 싶은 경우
SQL> --mysql인 경우 show tables 명령이지만, 오라클은 복잡
SQL> --Oracle은 시스템의 정보를 얻기 위해서는 사전이라고 불리는
SQL> --즉 dictionary를 조회할 줄 알아야한다.
SQL> --즉, 수백여개의 딕셔너리르 개발자가 암기해야하나?
SQL> --g하지만!! 실망하지마라 딕션너리의 어느 정도의 명명 규칙이 있다.
SQL> --현재 접속한 사용자 계정이 일반 계정인 경우 접두어가
SQL> --user_로 시작한다
SQL> --현재 접속한 계정이 관리자인 경우
SQL> --like sys, system인 경우 dba_로 시작한다.
SQL> --혹은 v$ 로 시작한다.
SQL> SELECT TABLE_NAME FROM USER_TABLES;

TABLE_NAME                                                                      
------------------------------------------------------------                    
MEMBER                                                                          

SQL> DROP TABLE MEMEBER;
DROP TABLE MEMEBER
           *
ERROR at line 1:
ORA-00942: table or view does not exist 


SQL> DROP MEMBER;
DROP MEMBER
     *
ERROR at line 1:
ORA-00950: invalid DROP option 


SQL> --DDL 중 제거하는 명령어는 DROP VS DELETE이다.
SQL> DROP TABLE MEMBER;

Table dropped.

SQL> --앞으로 테이블 만들때는 까다롭게 제한을 하자! 컬럼에! 아예 입력할 때 제한을 준다
SQL> -- 즉, 제약 조건을 준다.
SQL> --레코드는 유일한 것만 받아들이겠다 UNIQUE
SQL> --NULL을 허용하지 않겠다!!  NOT NULL
SQL> --지정된 값만 허용하겠다 CHECK
SQL> --아무런 값을 넣지 않으면 기본으로 값을 자동 지정하겠다 . DEFAULT
SQL> --위의 모든 제약 조건을 부여해서 테이블을 만들어보자!
SQL> 
SQL> 
SQL> CREATE TABLE MEMBER(
  2  ID VARCHAR2(20) UNIQUE
  3  , NAME  VARCHAR(30) NOT NULL
  4  , GENDER VARCHAR(6)
  5  , REGDATE DATE DEFAULT SYSDATE
  6  , CONSTRAINT CHK_GENDER CHECK (GENDER = '남' OR GENDER = '여')
  7  );

Table created.

SQL> 
SQL> --제약 조건이 동작하는지 테스트하자
SQL> INSESRT INTO MEMBER(ID, GENDER) VALUES('ADAMS' , '남');
SP2-0734: unknown command beginning "INSESRT IN..." - rest of line ignored.
SQL> INSERT INTO MEMBER(ID, GENDER) VALUES('ADAMS' , '남');
INSERT INTO MEMBER(ID, GENDER) VALUES('ADAMS' , '남')
*
ERROR at line 1:
ORA-01400: cannot insert NULL into ("JS"."MEMBER"."NAME") 


SQL> INSERT INTO MEMBER(ID, NAME, GENDER) VALUES('ADAMS','A'.'놈');
INSERT INTO MEMBER(ID, NAME, GENDER) VALUES('ADAMS','A'.'놈')
                                                       *
ERROR at line 1:
ORA-00917: missing comma 


SQL> INSERT INTO MEMBER(ID, NAME, GENDER) VALUES('ADAMS','A','놈');
INSERT INTO MEMBER(ID, NAME, GENDER) VALUES('ADAMS','A','놈')
*
ERROR at line 1:
ORA-02290: check constraint (JS.CHK_GENDER) violated 


SQL> SPOOL OFF;
